// Jest Snapshot v1, https://goo.gl/fbAQLP

exports[`Products component tests Check if products page matches recent snapshot 1`] = `
Object {
  "asFragment": [Function],
  "baseElement": <body>
    <div>
      <div>
        <div
          class="ldsRoller"
        >
          <div />
          <div />
          <div />
          <div />
          <div />
          <div />
          <div />
          <div />
        </div>
        <div
          class="searchForm"
        >
          <h2
            class="searchFormHeadline"
          >
            Search by name:
          </h2>
          <input
            class="searchInput"
            placeholder="Search..."
            type="text"
          />
        </div>
        <div
          class="body"
        >
          <div
            class="filtration"
          >
            <h1
              class="headline"
            >
              Filter Products
            </h1>
            <div
              class="filtrationItem"
            >
              <h2
                class="headline"
              >
                Price: 
              </h2>
              <button
                class="filterOption"
                type="button"
              >
                ASC
              </button>
              <button
                class="filterOption"
                type="button"
              >
                DESC
              </button>
            </div>
            <div
              class="filtrationItem"
            >
              <h2
                class="headline"
              >
                Rating: 
              </h2>
              <button
                class="filterOption"
                type="button"
              >
                ASC
              </button>
              <button
                class="filterOption"
                type="button"
              >
                DESC
              </button>
            </div>
            <div
              class="filtrationItem"
            >
              <h2
                class="headline"
              >
                Genre: 
              </h2>
              <button
                class="filterOption"
                type="button"
              >
                Action
              </button>
              <button
                class="filterOption"
                type="button"
              >
                Shooter
              </button>
              <button
                class="filterOption"
                type="button"
              >
                All
              </button>
            </div>
            <div
              class="filtrationItem"
            >
              <h2
                class="headline"
              >
                Age: 
              </h2>
              <div
                class="filterOptionRadio"
              >
                <label
                  for="12"
                >
                  12+
                  <input
                    name="12"
                    type="radio"
                    value="12"
                  />
                </label>
              </div>
              <div
                class="filterOptionRadio"
              >
                <label
                  for="12"
                >
                  16+
                  <input
                    name="16"
                    type="radio"
                    value="16"
                  />
                </label>
              </div>
              <div
                class="filterOptionRadio"
              >
                <label
                  for="12"
                >
                  18+
                  <input
                    name="16"
                    type="radio"
                    value="18"
                  />
                </label>
              </div>
            </div>
          </div>
          <div
            class="wrapper"
          >
            <div
              class="productsWrapper hidden"
            >
              <h2
                class="headline"
              >
                Search: 
              </h2>
              <div
                class="productsList"
              >
                <h2
                  class="headline"
                >
                  Product not found
                </h2>
              </div>
            </div>
            <h2
              class="headline"
            >
              All Products
            </h2>
            <div
              class="productsList"
            />
          </div>
        </div>
      </div>
    </div>
  </body>,
  "container": <div>
    <div>
      <div
        class="ldsRoller"
      >
        <div />
        <div />
        <div />
        <div />
        <div />
        <div />
        <div />
        <div />
      </div>
      <div
        class="searchForm"
      >
        <h2
          class="searchFormHeadline"
        >
          Search by name:
        </h2>
        <input
          class="searchInput"
          placeholder="Search..."
          type="text"
        />
      </div>
      <div
        class="body"
      >
        <div
          class="filtration"
        >
          <h1
            class="headline"
          >
            Filter Products
          </h1>
          <div
            class="filtrationItem"
          >
            <h2
              class="headline"
            >
              Price: 
            </h2>
            <button
              class="filterOption"
              type="button"
            >
              ASC
            </button>
            <button
              class="filterOption"
              type="button"
            >
              DESC
            </button>
          </div>
          <div
            class="filtrationItem"
          >
            <h2
              class="headline"
            >
              Rating: 
            </h2>
            <button
              class="filterOption"
              type="button"
            >
              ASC
            </button>
            <button
              class="filterOption"
              type="button"
            >
              DESC
            </button>
          </div>
          <div
            class="filtrationItem"
          >
            <h2
              class="headline"
            >
              Genre: 
            </h2>
            <button
              class="filterOption"
              type="button"
            >
              Action
            </button>
            <button
              class="filterOption"
              type="button"
            >
              Shooter
            </button>
            <button
              class="filterOption"
              type="button"
            >
              All
            </button>
          </div>
          <div
            class="filtrationItem"
          >
            <h2
              class="headline"
            >
              Age: 
            </h2>
            <div
              class="filterOptionRadio"
            >
              <label
                for="12"
              >
                12+
                <input
                  name="12"
                  type="radio"
                  value="12"
                />
              </label>
            </div>
            <div
              class="filterOptionRadio"
            >
              <label
                for="12"
              >
                16+
                <input
                  name="16"
                  type="radio"
                  value="16"
                />
              </label>
            </div>
            <div
              class="filterOptionRadio"
            >
              <label
                for="12"
              >
                18+
                <input
                  name="16"
                  type="radio"
                  value="18"
                />
              </label>
            </div>
          </div>
        </div>
        <div
          class="wrapper"
        >
          <div
            class="productsWrapper hidden"
          >
            <h2
              class="headline"
            >
              Search: 
            </h2>
            <div
              class="productsList"
            >
              <h2
                class="headline"
              >
                Product not found
              </h2>
            </div>
          </div>
          <h2
            class="headline"
          >
            All Products
          </h2>
          <div
            class="productsList"
          />
        </div>
      </div>
    </div>
  </div>,
  "debug": [Function],
  "findAllByAltText": [Function],
  "findAllByDisplayValue": [Function],
  "findAllByLabelText": [Function],
  "findAllByPlaceholderText": [Function],
  "findAllByRole": [Function],
  "findAllByTestId": [Function],
  "findAllByText": [Function],
  "findAllByTitle": [Function],
  "findByAltText": [Function],
  "findByDisplayValue": [Function],
  "findByLabelText": [Function],
  "findByPlaceholderText": [Function],
  "findByRole": [Function],
  "findByTestId": [Function],
  "findByText": [Function],
  "findByTitle": [Function],
  "getAllByAltText": [Function],
  "getAllByDisplayValue": [Function],
  "getAllByLabelText": [Function],
  "getAllByPlaceholderText": [Function],
  "getAllByRole": [Function],
  "getAllByTestId": [Function],
  "getAllByText": [Function],
  "getAllByTitle": [Function],
  "getByAltText": [Function],
  "getByDisplayValue": [Function],
  "getByLabelText": [Function],
  "getByPlaceholderText": [Function],
  "getByRole": [Function],
  "getByTestId": [Function],
  "getByText": [Function],
  "getByTitle": [Function],
  "queryAllByAltText": [Function],
  "queryAllByDisplayValue": [Function],
  "queryAllByLabelText": [Function],
  "queryAllByPlaceholderText": [Function],
  "queryAllByRole": [Function],
  "queryAllByTestId": [Function],
  "queryAllByText": [Function],
  "queryAllByTitle": [Function],
  "queryByAltText": [Function],
  "queryByDisplayValue": [Function],
  "queryByLabelText": [Function],
  "queryByPlaceholderText": [Function],
  "queryByRole": [Function],
  "queryByTestId": [Function],
  "queryByText": [Function],
  "queryByTitle": [Function],
  "rerender": [Function],
  "unmount": [Function],
}
`;

exports[`Products component tests Checks if products page matches recent snapshot 1`] = `
Object {
  "asFragment": [Function],
  "baseElement": <body>
    <div>
      <div>
        <div
          class="ldsRoller"
        >
          <div />
          <div />
          <div />
          <div />
          <div />
          <div />
          <div />
          <div />
        </div>
        <div
          class="searchForm"
        >
          <h2
            class="searchFormHeadline"
          >
            Search by name:
          </h2>
          <input
            class="searchInput"
            placeholder="Search..."
            type="text"
          />
        </div>
        <div
          class="body"
        >
          <div
            class="filtration"
          >
            <h1
              class="headline"
            >
              Filter Products
            </h1>
            <div
              class="filtrationItem"
            >
              <h2
                class="headline"
              >
                Price: 
              </h2>
              <button
                class="filterOption"
                type="button"
              >
                ASC
              </button>
              <button
                class="filterOption"
                type="button"
              >
                DESC
              </button>
            </div>
            <div
              class="filtrationItem"
            >
              <h2
                class="headline"
              >
                Rating: 
              </h2>
              <button
                class="filterOption"
                type="button"
              >
                ASC
              </button>
              <button
                class="filterOption"
                type="button"
              >
                DESC
              </button>
            </div>
            <div
              class="filtrationItem"
            >
              <h2
                class="headline"
              >
                Genre: 
              </h2>
              <button
                class="filterOption"
                type="button"
              >
                Action
              </button>
              <button
                class="filterOption"
                type="button"
              >
                Shooter
              </button>
              <button
                class="filterOption"
                type="button"
              >
                All
              </button>
            </div>
            <div
              class="filtrationItem"
            >
              <h2
                class="headline"
              >
                Age: 
              </h2>
              <div
                class="filterOptionRadio"
              >
                <label
                  for="12"
                >
                  12+
                  <input
                    name="12"
                    type="radio"
                    value="12"
                  />
                </label>
              </div>
              <div
                class="filterOptionRadio"
              >
                <label
                  for="12"
                >
                  16+
                  <input
                    name="16"
                    type="radio"
                    value="16"
                  />
                </label>
              </div>
              <div
                class="filterOptionRadio"
              >
                <label
                  for="12"
                >
                  18+
                  <input
                    name="16"
                    type="radio"
                    value="18"
                  />
                </label>
              </div>
            </div>
          </div>
          <div
            class="wrapper"
          >
            <div
              class="productsWrapper hidden"
            >
              <h2
                class="headline"
              >
                Search: 
              </h2>
              <div
                class="productsList"
              >
                <h2
                  class="headline"
                >
                  Product not found
                </h2>
              </div>
            </div>
            <h2
              class="headline"
            >
              All Products
            </h2>
            <div
              class="productsList"
            />
          </div>
        </div>
      </div>
    </div>
  </body>,
  "container": <div>
    <div>
      <div
        class="ldsRoller"
      >
        <div />
        <div />
        <div />
        <div />
        <div />
        <div />
        <div />
        <div />
      </div>
      <div
        class="searchForm"
      >
        <h2
          class="searchFormHeadline"
        >
          Search by name:
        </h2>
        <input
          class="searchInput"
          placeholder="Search..."
          type="text"
        />
      </div>
      <div
        class="body"
      >
        <div
          class="filtration"
        >
          <h1
            class="headline"
          >
            Filter Products
          </h1>
          <div
            class="filtrationItem"
          >
            <h2
              class="headline"
            >
              Price: 
            </h2>
            <button
              class="filterOption"
              type="button"
            >
              ASC
            </button>
            <button
              class="filterOption"
              type="button"
            >
              DESC
            </button>
          </div>
          <div
            class="filtrationItem"
          >
            <h2
              class="headline"
            >
              Rating: 
            </h2>
            <button
              class="filterOption"
              type="button"
            >
              ASC
            </button>
            <button
              class="filterOption"
              type="button"
            >
              DESC
            </button>
          </div>
          <div
            class="filtrationItem"
          >
            <h2
              class="headline"
            >
              Genre: 
            </h2>
            <button
              class="filterOption"
              type="button"
            >
              Action
            </button>
            <button
              class="filterOption"
              type="button"
            >
              Shooter
            </button>
            <button
              class="filterOption"
              type="button"
            >
              All
            </button>
          </div>
          <div
            class="filtrationItem"
          >
            <h2
              class="headline"
            >
              Age: 
            </h2>
            <div
              class="filterOptionRadio"
            >
              <label
                for="12"
              >
                12+
                <input
                  name="12"
                  type="radio"
                  value="12"
                />
              </label>
            </div>
            <div
              class="filterOptionRadio"
            >
              <label
                for="12"
              >
                16+
                <input
                  name="16"
                  type="radio"
                  value="16"
                />
              </label>
            </div>
            <div
              class="filterOptionRadio"
            >
              <label
                for="12"
              >
                18+
                <input
                  name="16"
                  type="radio"
                  value="18"
                />
              </label>
            </div>
          </div>
        </div>
        <div
          class="wrapper"
        >
          <div
            class="productsWrapper hidden"
          >
            <h2
              class="headline"
            >
              Search: 
            </h2>
            <div
              class="productsList"
            >
              <h2
                class="headline"
              >
                Product not found
              </h2>
            </div>
          </div>
          <h2
            class="headline"
          >
            All Products
          </h2>
          <div
            class="productsList"
          />
        </div>
      </div>
    </div>
  </div>,
  "debug": [Function],
  "findAllByAltText": [Function],
  "findAllByDisplayValue": [Function],
  "findAllByLabelText": [Function],
  "findAllByPlaceholderText": [Function],
  "findAllByRole": [Function],
  "findAllByTestId": [Function],
  "findAllByText": [Function],
  "findAllByTitle": [Function],
  "findByAltText": [Function],
  "findByDisplayValue": [Function],
  "findByLabelText": [Function],
  "findByPlaceholderText": [Function],
  "findByRole": [Function],
  "findByTestId": [Function],
  "findByText": [Function],
  "findByTitle": [Function],
  "getAllByAltText": [Function],
  "getAllByDisplayValue": [Function],
  "getAllByLabelText": [Function],
  "getAllByPlaceholderText": [Function],
  "getAllByRole": [Function],
  "getAllByTestId": [Function],
  "getAllByText": [Function],
  "getAllByTitle": [Function],
  "getByAltText": [Function],
  "getByDisplayValue": [Function],
  "getByLabelText": [Function],
  "getByPlaceholderText": [Function],
  "getByRole": [Function],
  "getByTestId": [Function],
  "getByText": [Function],
  "getByTitle": [Function],
  "queryAllByAltText": [Function],
  "queryAllByDisplayValue": [Function],
  "queryAllByLabelText": [Function],
  "queryAllByPlaceholderText": [Function],
  "queryAllByRole": [Function],
  "queryAllByTestId": [Function],
  "queryAllByText": [Function],
  "queryAllByTitle": [Function],
  "queryByAltText": [Function],
  "queryByDisplayValue": [Function],
  "queryByLabelText": [Function],
  "queryByPlaceholderText": [Function],
  "queryByRole": [Function],
  "queryByTestId": [Function],
  "queryByText": [Function],
  "queryByTitle": [Function],
  "rerender": [Function],
  "unmount": [Function],
}
`;

exports[`Products component tests Makes a products snapshot 1`] = `
Object {
  "asFragment": [Function],
  "baseElement": <body>
    <div>
      <div>
        <div
          class="ldsRoller"
        >
          <div />
          <div />
          <div />
          <div />
          <div />
          <div />
          <div />
          <div />
        </div>
        <div
          class="searchForm"
        >
          <h2
            class="searchFormHeadline"
          >
            Search by name:
          </h2>
          <input
            class="searchInput"
            placeholder="Search..."
            type="text"
          />
        </div>
        <div
          class="body"
        >
          <div
            class="filtration"
          >
            <h1
              class="headline"
            >
              Filter Products
            </h1>
            <div
              class="filtrationItem"
            >
              <h2
                class="headline"
              >
                Price: 
              </h2>
              <button
                class="filterOption"
                type="button"
              >
                ASC
              </button>
              <button
                class="filterOption"
                type="button"
              >
                DESC
              </button>
            </div>
            <div
              class="filtrationItem"
            >
              <h2
                class="headline"
              >
                Rating: 
              </h2>
              <button
                class="filterOption"
                type="button"
              >
                ASC
              </button>
              <button
                class="filterOption"
                type="button"
              >
                DESC
              </button>
            </div>
            <div
              class="filtrationItem"
            >
              <h2
                class="headline"
              >
                Genre: 
              </h2>
              <button
                class="filterOption"
                type="button"
              >
                Action
              </button>
              <button
                class="filterOption"
                type="button"
              >
                Shooter
              </button>
              <button
                class="filterOption"
                type="button"
              >
                All
              </button>
            </div>
            <div
              class="filtrationItem"
            >
              <h2
                class="headline"
              >
                Age: 
              </h2>
              <div
                class="filterOptionRadio"
              >
                <label
                  for="12"
                >
                  12+
                  <input
                    name="12"
                    type="radio"
                    value="12"
                  />
                </label>
              </div>
              <div
                class="filterOptionRadio"
              >
                <label
                  for="12"
                >
                  16+
                  <input
                    name="16"
                    type="radio"
                    value="16"
                  />
                </label>
              </div>
              <div
                class="filterOptionRadio"
              >
                <label
                  for="12"
                >
                  18+
                  <input
                    name="16"
                    type="radio"
                    value="18"
                  />
                </label>
              </div>
            </div>
          </div>
          <div
            class="wrapper"
          >
            <div
              class="productsWrapper hidden"
            >
              <h2
                class="headline"
              >
                Search: 
              </h2>
              <div
                class="productsList"
              >
                <h2
                  class="headline"
                >
                  Product not found
                </h2>
              </div>
            </div>
            <h2
              class="headline"
            >
              All Products
            </h2>
            <div
              class="productsList"
            />
          </div>
        </div>
      </div>
    </div>
  </body>,
  "container": <div>
    <div>
      <div
        class="ldsRoller"
      >
        <div />
        <div />
        <div />
        <div />
        <div />
        <div />
        <div />
        <div />
      </div>
      <div
        class="searchForm"
      >
        <h2
          class="searchFormHeadline"
        >
          Search by name:
        </h2>
        <input
          class="searchInput"
          placeholder="Search..."
          type="text"
        />
      </div>
      <div
        class="body"
      >
        <div
          class="filtration"
        >
          <h1
            class="headline"
          >
            Filter Products
          </h1>
          <div
            class="filtrationItem"
          >
            <h2
              class="headline"
            >
              Price: 
            </h2>
            <button
              class="filterOption"
              type="button"
            >
              ASC
            </button>
            <button
              class="filterOption"
              type="button"
            >
              DESC
            </button>
          </div>
          <div
            class="filtrationItem"
          >
            <h2
              class="headline"
            >
              Rating: 
            </h2>
            <button
              class="filterOption"
              type="button"
            >
              ASC
            </button>
            <button
              class="filterOption"
              type="button"
            >
              DESC
            </button>
          </div>
          <div
            class="filtrationItem"
          >
            <h2
              class="headline"
            >
              Genre: 
            </h2>
            <button
              class="filterOption"
              type="button"
            >
              Action
            </button>
            <button
              class="filterOption"
              type="button"
            >
              Shooter
            </button>
            <button
              class="filterOption"
              type="button"
            >
              All
            </button>
          </div>
          <div
            class="filtrationItem"
          >
            <h2
              class="headline"
            >
              Age: 
            </h2>
            <div
              class="filterOptionRadio"
            >
              <label
                for="12"
              >
                12+
                <input
                  name="12"
                  type="radio"
                  value="12"
                />
              </label>
            </div>
            <div
              class="filterOptionRadio"
            >
              <label
                for="12"
              >
                16+
                <input
                  name="16"
                  type="radio"
                  value="16"
                />
              </label>
            </div>
            <div
              class="filterOptionRadio"
            >
              <label
                for="12"
              >
                18+
                <input
                  name="16"
                  type="radio"
                  value="18"
                />
              </label>
            </div>
          </div>
        </div>
        <div
          class="wrapper"
        >
          <div
            class="productsWrapper hidden"
          >
            <h2
              class="headline"
            >
              Search: 
            </h2>
            <div
              class="productsList"
            >
              <h2
                class="headline"
              >
                Product not found
              </h2>
            </div>
          </div>
          <h2
            class="headline"
          >
            All Products
          </h2>
          <div
            class="productsList"
          />
        </div>
      </div>
    </div>
  </div>,
  "debug": [Function],
  "findAllByAltText": [Function],
  "findAllByDisplayValue": [Function],
  "findAllByLabelText": [Function],
  "findAllByPlaceholderText": [Function],
  "findAllByRole": [Function],
  "findAllByTestId": [Function],
  "findAllByText": [Function],
  "findAllByTitle": [Function],
  "findByAltText": [Function],
  "findByDisplayValue": [Function],
  "findByLabelText": [Function],
  "findByPlaceholderText": [Function],
  "findByRole": [Function],
  "findByTestId": [Function],
  "findByText": [Function],
  "findByTitle": [Function],
  "getAllByAltText": [Function],
  "getAllByDisplayValue": [Function],
  "getAllByLabelText": [Function],
  "getAllByPlaceholderText": [Function],
  "getAllByRole": [Function],
  "getAllByTestId": [Function],
  "getAllByText": [Function],
  "getAllByTitle": [Function],
  "getByAltText": [Function],
  "getByDisplayValue": [Function],
  "getByLabelText": [Function],
  "getByPlaceholderText": [Function],
  "getByRole": [Function],
  "getByTestId": [Function],
  "getByText": [Function],
  "getByTitle": [Function],
  "queryAllByAltText": [Function],
  "queryAllByDisplayValue": [Function],
  "queryAllByLabelText": [Function],
  "queryAllByPlaceholderText": [Function],
  "queryAllByRole": [Function],
  "queryAllByTestId": [Function],
  "queryAllByText": [Function],
  "queryAllByTitle": [Function],
  "queryByAltText": [Function],
  "queryByDisplayValue": [Function],
  "queryByLabelText": [Function],
  "queryByPlaceholderText": [Function],
  "queryByRole": [Function],
  "queryByTestId": [Function],
  "queryByText": [Function],
  "queryByTitle": [Function],
  "rerender": [Function],
  "unmount": [Function],
}
`;
